23:22:37 [INFO] Rematch detected. Resetting game state...
23:22:37 [INFO] Mario Fireballs vs. Wario Muscles @ Daytime Mario Stadium
23:22:37 [INFO] The Fireballs will bat first!
23:22:40 [INFO] Wario vs. Yoshi
23:22:40 [INFO] 0 outs
23:22:40 [DEBUG] Count: 0-0
23:22:43 [DEBUG] Muscles Starting Lineup Set!
23:22:47 [INFO] Yoshi's hit was caught!
23:22:47 [INFO] Baby DK put Yoshi out!
23:22:49 [INFO] Plate appearance #1 for Yoshi.
23:22:49 [INFO] At-bat #1 for Yoshi.
23:22:51 [INFO] Wario vs. Green Paratroopa
23:22:51 [INFO] 1 outs
23:22:51 [DEBUG] Count: 0-0
23:23:00 [INFO] Fair ball!
23:23:01 [INFO] Fair ball fielded!
23:23:03 [INFO] Plate appearance #1 for Green Paratroopa.
23:23:03 [INFO] At-bat #1 for Green Paratroopa.
23:23:05 [DEBUG] Wario has allowed 1 hits!
23:23:05 [DEBUG] Green Paratroopa recorded a single!
23:23:05 [INFO] Wario vs. Mario
23:23:05 [INFO] 1 outs
23:23:05 [DEBUG] Count: 0-0
23:23:05 [DEBUG] Green Paratroopa is on first.
23:23:12 [INFO] Fair ball!
23:23:13 [INFO] Fair ball fielded!
23:23:18 [INFO] Plate appearance #1 for Mario.
23:23:18 [INFO] At-bat #1 for Mario.
23:23:21 [DEBUG] Wario has allowed 2 hits!
23:23:21 [DEBUG] Mario recorded a single!
23:23:21 [INFO] Wario vs. Hammer Bro.
23:23:21 [INFO] 1 outs
23:23:21 [DEBUG] Count: 0-0
23:23:21 [DEBUG] Mario is on first.
23:23:21 [DEBUG] Green Paratroopa is on third.
23:23:28 [INFO] Fair ball!
23:23:30 [INFO] Hammer Bro. hits a three-run homer off of Wario!
23:23:30 [INFO] Green Paratroopa recorded a run!
23:23:30 [DEBUG] Wario was charged with an earned run
23:23:30 [DEBUG] Score Updated: Mario Fireballs 3 - Wario Muscles 0
23:23:30 [INFO] Mario recorded a run!
23:23:30 [DEBUG] Wario was charged with an earned run
23:23:30 [DEBUG] Score Updated: Mario Fireballs 3 - Wario Muscles 0
23:23:30 [INFO] Hammer Bro. recorded a run!
23:23:30 [DEBUG] Wario was charged with an earned run
23:23:30 [DEBUG] Score Updated: Mario Fireballs 3 - Wario Muscles 0
23:23:30 [INFO] Plate appearance #1 for Hammer Bro..
23:23:30 [INFO] At-bat #1 for Hammer Bro..
23:23:30 [INFO] Stat tracking paused for replay.
23:23:31 [INFO] Replay ended. Resuming stat tracking.
23:23:31 [DEBUG] Pitch already processed.
23:23:32 [DEBUG] Wario has allowed 3 hits!
23:23:32 [INFO] Hammer Bro. recorded 3 RBI!
23:23:32 [INFO] Wario vs. Blue Dry Bones
23:23:32 [INFO] 1 outs
23:23:32 [DEBUG] Count: 0-0
23:24:47 [INFO] Blue Dry Bones's hit was caught!
23:24:47 [INFO] Tiny Kong put Blue Dry Bones out!
23:24:49 [INFO] Plate appearance #1 for Blue Dry Bones.
23:24:49 [INFO] At-bat #1 for Blue Dry Bones.
23:24:50 [INFO] Wario vs. Dark Bones
23:24:50 [INFO] 2 outs
23:24:50 [DEBUG] Count: 0-0
23:24:52 [INFO] Strike 1.
23:24:52 [DEBUG] Count: 0-1
23:24:55 [INFO] Strike 2.
23:24:56 [DEBUG] Count: 0-2
23:25:00 [INFO] Dark Bones's hit was caught!
23:25:00 [INFO] Red Pianta put Dark Bones out!
23:25:02 [INFO] Plate appearance #1 for Dark Bones.
23:25:02 [INFO] At-bat #1 for Dark Bones.
23:25:02 [INFO] Mario Fireballs - 3
23:25:02 [INFO] Wario Muscles - 0
23:25:02 [INFO] Changing sides!
23:25:05 [INFO] Next: Bottom of inning 1
23:25:05 [INFO] Upcoming batter: Blue Kritter
23:25:05 [INFO] On deck: Toadette
23:25:09 [INFO] Mario vs. Blue Kritter
23:25:09 [INFO] 0 outs
23:25:09 [DEBUG] Count: 0-0
23:25:11 [DEBUG] Fireballs Starting Lineup Set!
23:25:12 [INFO] Strike 1.
23:25:13 [DEBUG] Count: 0-1
23:25:14 [INFO] Fair ball!
23:25:16 [INFO] Fair ball fielded!
23:25:17 [INFO] Hammer Bro. put Blue Kritter out!
23:25:17 [INFO] Mario recorded an assist!
23:25:17 [INFO] Mario threw the ball for the out!
23:25:19 [INFO] Plate appearance #1 for Blue Kritter.
23:25:19 [INFO] At-bat #1 for Blue Kritter.
23:25:20 [INFO] Mario vs. Toadette
23:25:20 [INFO] 1 outs
23:25:20 [DEBUG] Count: 0-0
23:25:22 [INFO] Strike 1.
23:25:22 [DEBUG] Count: 0-1
23:25:24 [INFO] Fair ball!
23:25:25 [INFO] Fair ball fielded!
23:25:25 [INFO] Mario put Toadette out!
23:25:27 [INFO] Plate appearance #1 for Toadette.
23:25:27 [INFO] At-bat #1 for Toadette.
23:25:29 [INFO] Mario vs. Bowser
23:25:29 [INFO] 2 outs
23:25:29 [DEBUG] Count: 0-0
23:25:31 [INFO] Fair ball!
23:25:32 [INFO] Fair ball fielded!
23:25:34 [INFO] Blue Dry Bones put Bowser out!
23:25:34 [INFO] Mario recorded an assist!
23:25:34 [INFO] Mario threw the ball for the out!
23:25:36 [INFO] Plate appearance #1 for Bowser.
23:25:36 [INFO] At-bat #1 for Bowser.
23:25:36 [INFO] Mario Fireballs - 3
23:25:36 [INFO] Wario Muscles - 0
23:25:36 [INFO] Changing sides!
23:25:39 [INFO] Next: Top of inning 2
23:25:39 [INFO] Upcoming batter: Yellow Shy Guy
23:25:39 [INFO] On deck: Fire Bro.
23:25:43 [INFO] Wario vs. Yellow Shy Guy
23:25:43 [INFO] 0 outs
23:25:43 [DEBUG] Count: 0-0
23:25:45 [INFO] Strike 1.
23:25:45 [DEBUG] Count: 0-1
23:25:47 [INFO] Fair ball!
23:25:48 [INFO] Fair ball fielded!
23:25:50 [INFO] Red Pianta put Yellow Shy Guy out!
23:25:50 [INFO] Blue Kritter recorded an assist!
23:25:50 [INFO] Blue Kritter threw the ball for the out!
23:25:52 [INFO] Plate appearance #1 for Yellow Shy Guy.
23:25:52 [INFO] At-bat #1 for Yellow Shy Guy.
23:25:53 [INFO] Wario vs. Fire Bro.
23:25:53 [INFO] 1 outs
23:25:53 [DEBUG] Count: 0-0
23:25:55 [INFO] Fair ball!
23:25:56 [INFO] Fair ball fielded!
23:25:57 [INFO] Red Pianta put Fire Bro. out!
23:25:57 [INFO] Blue Kritter recorded an assist!
23:25:57 [INFO] Blue Kritter threw the ball for the out!
23:25:59 [INFO] Plate appearance #1 for Fire Bro..
23:25:59 [INFO] At-bat #1 for Fire Bro..
23:26:01 [INFO] Wario vs. Blooper
23:26:01 [INFO] 2 outs
23:26:01 [DEBUG] Count: 0-0
23:26:04 [INFO] Fair ball!
23:26:04 [INFO] Fair ball fielded!
23:26:05 [INFO] Shy Guy put Blooper out!
23:26:05 [INFO] Red Pianta recorded an assist!
23:26:05 [INFO] Red Pianta threw the ball for the out!
23:26:07 [INFO] Plate appearance #1 for Blooper.
23:26:07 [INFO] At-bat #1 for Blooper.
23:26:07 [INFO] Mario Fireballs - 3
23:26:07 [INFO] Wario Muscles - 0
23:26:07 [INFO] Changing sides!
23:26:10 [INFO] Next: Bottom of inning 2
23:26:10 [INFO] Upcoming batter: Wario
23:26:10 [INFO] On deck: Blue Pianta
23:26:15 [INFO] Mario vs. Wario
23:26:15 [INFO] 0 outs
23:26:15 [DEBUG] Count: 0-0
23:26:16 [INFO] Strike 1.
23:26:17 [DEBUG] Count: 0-1
23:26:19 [INFO] Fair ball!
23:26:19 [INFO] Fair ball fielded!
23:26:21 [INFO] Hammer Bro. put Wario out!
23:26:21 [INFO] Blue Dry Bones recorded an assist!
23:26:21 [INFO] Blue Dry Bones threw the ball for the out!
23:26:23 [INFO] Plate appearance #1 for Wario.
23:26:23 [INFO] At-bat #1 for Wario.
23:26:24 [INFO] Mario vs. Blue Pianta
23:26:24 [INFO] 1 outs
23:26:24 [DEBUG] Count: 0-0
23:26:27 [INFO] Fair ball!
23:26:28 [INFO] Foul ball!
23:26:29 [WARNING] Ball possession status changed to HELD but no current ball holder found after refreshing. This may be a misread or a very fast change. Last ball holder: Mario
23:26:30 [DEBUG] Count: 0-1
23:26:37 [INFO] Fair ball!
23:26:38 [INFO] Foul ball!
23:26:39 [WARNING] Ball possession status changed to HELD but no current ball holder found after refreshing. This may be a misread or a very fast change. Last ball holder: Yellow Shy Guy
23:26:40 [DEBUG] Count: 0-2
23:26:42 [INFO] Fair ball!
23:26:42 [INFO] Fair ball fielded!
23:26:44 [INFO] Blue Dry Bones put Blue Pianta out!
23:26:44 [INFO] Mario recorded an assist!
23:26:44 [INFO] Mario threw the ball for the out!
23:26:46 [INFO] Plate appearance #1 for Blue Pianta.
23:26:46 [INFO] At-bat #1 for Blue Pianta.
23:26:48 [INFO] Mario vs. Red Pianta
23:26:48 [INFO] 2 outs
23:26:48 [DEBUG] Count: 0-0
23:26:51 [INFO] Fair ball!
23:26:51 [INFO] Fair ball fielded!
23:26:53 [INFO] Blue Dry Bones put Red Pianta out!
23:26:53 [INFO] Yellow Shy Guy recorded an assist!
23:26:53 [INFO] Yellow Shy Guy threw the ball for the out!
23:26:55 [INFO] Plate appearance #1 for Red Pianta.
23:26:55 [INFO] At-bat #1 for Red Pianta.
23:26:55 [INFO] Mario Fireballs - 3
23:26:55 [INFO] Wario Muscles - 0
23:26:55 [INFO] Changing sides!
23:26:58 [INFO] Next: Top of inning 3
23:26:58 [INFO] Upcoming batter: Yoshi
23:26:58 [INFO] On deck: Green Paratroopa
23:27:02 [INFO] Wario vs. Yoshi
23:27:02 [INFO] 0 outs
23:27:02 [DEBUG] Count: 0-0
23:27:04 [INFO] Fair ball!
23:27:05 [INFO] Foul ball!
23:27:06 [WARNING] Ball possession status changed to HELD but no current ball holder found after refreshing. This may be a misread or a very fast change. Last ball holder: Bowser
23:27:07 [DEBUG] Count: 0-1
23:27:09 [INFO] Fair ball!
23:27:09 [INFO] Fair ball fielded!
23:27:11 [INFO] Shy Guy put Yoshi out!
23:27:11 [INFO] Wario recorded an assist!
23:27:11 [INFO] Wario threw the ball for the out!
23:27:13 [INFO] Plate appearance #2 for Yoshi.
23:27:13 [INFO] At-bat #2 for Yoshi.
23:27:14 [INFO] Wario vs. Green Paratroopa
23:27:14 [INFO] 1 outs
23:27:14 [DEBUG] Count: 0-0
23:27:16 [INFO] Fair ball!
23:27:17 [INFO] Fair ball fielded!
23:27:18 [INFO] Red Pianta put Green Paratroopa out!
23:27:18 [INFO] Wario recorded an assist!
23:27:18 [INFO] Wario threw the ball for the out!
23:27:20 [INFO] Plate appearance #2 for Green Paratroopa.
23:27:20 [INFO] At-bat #2 for Green Paratroopa.
23:27:22 [INFO] Wario vs. Mario
23:27:22 [INFO] 2 outs
23:27:22 [DEBUG] Count: 0-0
23:27:25 [INFO] Fair ball!
23:27:26 [INFO] Fair ball fielded!
23:27:27 [INFO] Red Pianta put Mario out!
23:27:27 [INFO] Blue Kritter recorded an assist!
23:27:27 [INFO] Blue Kritter threw the ball for the out!
23:27:29 [INFO] Plate appearance #2 for Mario.
23:27:29 [INFO] At-bat #2 for Mario.
23:27:29 [INFO] Mario Fireballs - 3
23:27:29 [INFO] Wario Muscles - 0
23:27:29 [INFO] Changing sides!
23:27:32 [INFO] Next: Bottom of inning 3
23:27:32 [INFO] Upcoming batter: Tiny Kong
23:27:32 [INFO] On deck: Baby DK
23:27:37 [INFO] Mario vs. Tiny Kong
23:27:37 [INFO] 0 outs
23:27:37 [DEBUG] Count: 0-0
23:27:39 [INFO] Fair ball!
23:27:40 [INFO] Fair ball fielded!
23:27:41 [INFO] Blue Dry Bones put Tiny Kong out!
23:27:41 [INFO] Mario recorded an assist!
23:27:41 [INFO] Mario threw the ball for the out!
23:27:43 [INFO] Plate appearance #1 for Tiny Kong.
23:27:43 [INFO] At-bat #1 for Tiny Kong.
23:27:45 [INFO] Mario vs. Baby DK
23:27:45 [INFO] 1 outs
23:27:45 [DEBUG] Count: 0-0
23:27:47 [INFO] Fair ball!
23:27:48 [INFO] Fair ball fielded!
23:27:49 [INFO] Blue Dry Bones put Baby DK out!
23:27:49 [INFO] Mario recorded an assist!
23:27:49 [INFO] Mario threw the ball for the out!
23:27:51 [INFO] Plate appearance #1 for Baby DK.
23:27:51 [INFO] At-bat #1 for Baby DK.
23:27:53 [INFO] Mario vs. Shy Guy
23:27:53 [INFO] 2 outs
23:27:53 [DEBUG] Count: 0-0
23:27:54 [INFO] Strike 1.
23:27:55 [DEBUG] Count: 0-1
23:27:56 [INFO] Fair ball!
23:27:57 [INFO] Fair ball fielded!
23:27:59 [INFO] Blue Dry Bones put Shy Guy out!
23:27:59 [INFO] Yellow Shy Guy recorded an assist!
23:27:59 [INFO] Yellow Shy Guy threw the ball for the out!
23:28:02 [INFO] Plate appearance #1 for Shy Guy.
23:28:02 [INFO] At-bat #1 for Shy Guy.
23:28:02 [INFO] Final Score:
23:28:02 [INFO] Mario Fireballs - 3
23:28:02 [INFO] Wario Muscles - 0
23:28:02 [INFO] Mario Fireballs win!