10:39:12 [INFO] Dolphin hooked.
10:39:12 [INFO] Waiting for match to begin...
10:39:12 [INFO] Initializing game, team, and player data...
10:39:12 [INFO] Wario vs. Yoshi
10:39:12 [INFO] 0 outs
10:39:12 [DEBUG] Count: 0-0
10:39:23 [DEBUG] Muscles Starting Lineup Set!
10:39:27 [INFO] Yoshi's hit was caught!
10:39:27 [INFO] Baby DK put Yoshi out!
10:39:29 [INFO] Plate appearance #1 for Yoshi.
10:39:29 [INFO] At-bat #1 for Yoshi.
10:39:31 [INFO] Wario vs. Green Paratroopa
10:39:31 [INFO] 1 outs
10:39:31 [DEBUG] Count: 0-0
10:39:40 [INFO] Strike 1.
10:39:42 [DEBUG] Count: 0-1
10:39:45 [INFO] Strike 2.
10:39:47 [DEBUG] Count: 0-2
10:39:56 [INFO] Baby DK is going up for a buddy jump!
10:39:56 [INFO] Fair ball!
10:39:58 [INFO] Green Paratroopa recorded a run!
10:39:58 [DEBUG] Wario was charged with an earned run
10:39:58 [DEBUG] Score Updated: Mario Fireballs 1 - Wario Muscles 0
10:39:58 [INFO] Green Paratroopa hits a solo homer off of Wario!
10:40:02 [INFO] Plate appearance #1 for Green Paratroopa.
10:40:02 [INFO] At-bat #1 for Green Paratroopa.
10:40:02 [INFO] Stat tracking paused for replay.
10:40:04 [INFO] Replay ended. Resuming stat tracking.
10:40:04 [DEBUG] Pitch already processed.
10:40:05 [DEBUG] Wario has allowed 1 hits!
10:40:05 [INFO] Green Paratroopa recorded 1 RBI!
10:40:05 [INFO] Wario vs. Mario
10:40:05 [INFO] 1 outs
10:40:05 [DEBUG] Count: 0-0
10:40:19 [INFO] Strike 1.
10:40:19 [DEBUG] Count: 0-1
10:40:21 [INFO] Fair ball!
10:40:22 [INFO] Fair ball fielded!
10:40:23 [INFO] Red Pianta put Mario out!
10:40:23 [INFO] Blue Pianta recorded an assist!
10:40:23 [INFO] Blue Pianta threw the ball for the out!
10:40:25 [INFO] Plate appearance #1 for Mario.
10:40:25 [INFO] At-bat #1 for Mario.
10:40:27 [INFO] Wario vs. Hammer Bro.
10:40:27 [INFO] 2 outs
10:40:27 [DEBUG] Count: 0-0
10:40:34 [INFO] Fair ball!
10:40:36 [INFO] Hammer Bro. recorded a run!
10:40:36 [DEBUG] Wario was charged with an earned run
10:40:36 [DEBUG] Score Updated: Mario Fireballs 2 - Wario Muscles 0
10:40:36 [INFO] Hammer Bro. hits a solo homer off of Wario!
10:40:37 [INFO] Plate appearance #1 for Hammer Bro..
10:40:37 [INFO] At-bat #1 for Hammer Bro..
10:40:37 [INFO] Stat tracking paused for replay.
10:40:37 [INFO] Replay ended. Resuming stat tracking.
10:40:37 [DEBUG] Pitch already processed.
10:40:38 [DEBUG] Wario has allowed 2 hits!
10:40:38 [INFO] Hammer Bro. recorded 1 RBI!
10:40:38 [INFO] Wario vs. Blue Dry Bones
10:40:38 [INFO] 2 outs
10:40:38 [DEBUG] Count: 0-0
10:40:42 [INFO] Fair ball!
10:40:45 [INFO] Fair ball fielded!
10:40:50 [INFO] Plate appearance #1 for Blue Dry Bones.
10:40:50 [INFO] At-bat #1 for Blue Dry Bones.
10:40:52 [DEBUG] Wario has allowed 3 hits!
10:40:52 [DEBUG] Blue Dry Bones recorded a double!
10:40:52 [INFO] Wario vs. Dark Bones
10:40:52 [INFO] 2 outs
10:40:52 [DEBUG] Count: 0-0
10:40:52 [DEBUG] Blue Dry Bones is on second.
10:40:55 [INFO] Dark Bones's hit was caught!
10:40:55 [INFO] Tiny Kong put Dark Bones out!
10:40:57 [INFO] Plate appearance #1 for Dark Bones.
10:40:57 [INFO] At-bat #1 for Dark Bones.
10:40:57 [INFO] Mario Fireballs - 2
10:40:57 [INFO] Wario Muscles - 0
10:40:57 [INFO] Changing sides!
10:41:00 [INFO] Next: Bottom of inning 1
10:41:00 [INFO] Upcoming batter: Blue Kritter
10:41:00 [INFO] On deck: Toadette
10:41:05 [INFO] Mario vs. Blue Kritter
10:41:05 [INFO] 0 outs
10:41:05 [DEBUG] Count: 0-0
10:41:08 [DEBUG] Fireballs Starting Lineup Set!
10:41:12 [INFO] Foul ball!
10:41:14 [DEBUG] Count: 0-1
10:41:18 [INFO] Blue Kritter's hit was caught!
10:41:18 [INFO] Yoshi put Blue Kritter out!
10:41:20 [INFO] Plate appearance #1 for Blue Kritter.
10:41:20 [INFO] At-bat #1 for Blue Kritter.
10:41:21 [INFO] Mario vs. Toadette
10:41:21 [INFO] 1 outs
10:41:21 [DEBUG] Count: 0-0
10:41:26 [INFO] Blooper bobbled the ball!
10:41:26 [INFO] Foul ball!
10:41:28 [DEBUG] Count: 0-1
10:41:30 [INFO] Fair ball!
10:41:30 [INFO] Fair ball fielded!
10:41:32 [INFO] Blue Dry Bones put Toadette out!
10:41:32 [INFO] Green Paratroopa recorded an assist!
10:41:32 [INFO] Green Paratroopa threw the ball for the out!
10:41:34 [INFO] Plate appearance #1 for Toadette.
10:41:34 [INFO] At-bat #1 for Toadette.
10:41:36 [INFO] Mario vs. Bowser
10:41:36 [INFO] 2 outs
10:41:36 [DEBUG] Count: 0-0
10:41:45 [INFO] Fair ball!
10:41:47 [INFO] Bowser recorded a run!
10:41:47 [DEBUG] Mario was charged with an earned run
10:41:47 [DEBUG] Score Updated: Mario Fireballs 2 - Wario Muscles 1
10:41:47 [INFO] Bowser hits a solo homer off of Mario!
10:41:48 [INFO] Plate appearance #1 for Bowser.
10:41:48 [INFO] At-bat #1 for Bowser.
10:41:48 [INFO] Stat tracking paused for replay.
10:41:49 [INFO] Replay ended. Resuming stat tracking.
10:41:49 [DEBUG] Pitch already processed.
10:41:50 [DEBUG] Mario has allowed 1 hits!
10:41:50 [INFO] Bowser recorded 1 RBI!
10:41:50 [INFO] Mario vs. Wario
10:41:50 [INFO] 2 outs
10:41:50 [DEBUG] Count: 0-0
10:41:53 [INFO] Wario's hit was caught!
10:41:53 [INFO] Blue Dry Bones put Wario out!
10:41:55 [INFO] Plate appearance #1 for Wario.
10:41:55 [INFO] At-bat #1 for Wario.
10:41:55 [INFO] Stat tracking paused for replay.
10:41:57 [INFO] Replay ended. Resuming stat tracking.
10:41:57 [DEBUG] Pitch already processed.
10:41:57 [INFO] Mario Fireballs - 2
10:41:57 [INFO] Wario Muscles - 1
10:41:57 [INFO] Changing sides!
10:42:00 [INFO] Next: Top of inning 2
10:42:00 [INFO] Upcoming batter: Yellow Shy Guy
10:42:00 [INFO] On deck: Fire Bro.
10:42:04 [INFO] Wario vs. Yellow Shy Guy
10:42:04 [INFO] 0 outs
10:42:04 [DEBUG] Count: 0-0
10:42:08 [INFO] Strike 1.
10:42:09 [DEBUG] Count: 0-1
10:42:16 [INFO] Fair ball!
10:42:18 [INFO] Yellow Shy Guy recorded a run!
10:42:18 [DEBUG] Wario was charged with an earned run
10:42:18 [DEBUG] Score Updated: Mario Fireballs 3 - Wario Muscles 1
10:42:18 [INFO] Yellow Shy Guy hits a solo homer off of Wario!
10:42:19 [INFO] Plate appearance #1 for Yellow Shy Guy.
10:42:19 [INFO] At-bat #1 for Yellow Shy Guy.
10:42:19 [INFO] Stat tracking paused for replay.
10:42:20 [INFO] Replay ended. Resuming stat tracking.
10:42:20 [DEBUG] Pitch already processed.
10:42:21 [DEBUG] Wario has allowed 4 hits!
10:42:21 [INFO] Yellow Shy Guy recorded 1 RBI!
10:42:21 [INFO] Wario vs. Fire Bro.
10:42:21 [INFO] 0 outs
10:42:21 [DEBUG] Count: 0-0
10:42:25 [INFO] Fair ball!
10:42:27 [INFO] Fire Bro. recorded a run!
10:42:27 [DEBUG] Wario was charged with an earned run
10:42:27 [DEBUG] Score Updated: Mario Fireballs 4 - Wario Muscles 1
10:42:27 [INFO] Fire Bro. hits a solo homer off of Wario!
10:42:27 [INFO] Plate appearance #1 for Fire Bro..
10:42:27 [INFO] At-bat #1 for Fire Bro..
10:42:27 [INFO] Stat tracking paused for replay.
10:42:28 [INFO] Replay ended. Resuming stat tracking.
10:42:28 [DEBUG] Pitch already processed.
10:42:29 [DEBUG] Wario has allowed 5 hits!
10:42:29 [INFO] Fire Bro. recorded 1 RBI!
10:42:29 [INFO] Wario vs. Blooper
10:42:29 [INFO] 0 outs
10:42:29 [DEBUG] Count: 0-0
10:42:31 [INFO] Strike 1.
10:42:31 [DEBUG] Count: 0-1
10:42:35 [INFO] Fair ball!
10:42:37 [INFO] Fair ball fielded!
10:42:42 [INFO] Plate appearance #1 for Blooper.
10:42:42 [INFO] At-bat #1 for Blooper.
10:42:45 [DEBUG] Wario has allowed 6 hits!
10:42:45 [DEBUG] Blooper recorded a double!
10:42:45 [INFO] Wario vs. Yoshi
10:42:45 [INFO] 0 outs
10:42:45 [DEBUG] Count: 0-0
10:42:45 [DEBUG] Blooper is on second.
10:42:49 [INFO] Foul ball!
10:42:50 [DEBUG] Count: 0-1
10:42:53 [INFO] Strike 2.
10:42:53 [INFO] Yoshi used a star swing!
10:42:53 [DEBUG] Count: 0-2
10:42:56 [INFO] Yoshi used a star swing!
10:42:58 [INFO] Red Pianta bobbled the ball!
10:42:58 [INFO] Foul ball!
10:43:00 [DEBUG] Count: 0-2
10:43:01 [INFO] Strike 3.
10:43:01 [INFO] Wario struck out Yoshi!
10:43:04 [INFO] Plate appearance #2 for Yoshi.
10:43:04 [INFO] At-bat #2 for Yoshi.
10:43:06 [INFO] Wario vs. Green Paratroopa
10:43:06 [INFO] 1 outs
10:43:06 [DEBUG] Count: 0-0
10:43:08 [INFO] Green Paratroopa's hit was caught!
10:43:08 [INFO] Blue Kritter put Green Paratroopa out!
10:43:12 [INFO] Plate appearance #2 for Green Paratroopa.
10:43:12 [INFO] At-bat #2 for Green Paratroopa.
10:43:12 [INFO] Stat tracking paused for replay.
10:43:12 [INFO] Replay ended. Resuming stat tracking.
10:43:12 [DEBUG] Pitch already processed.
10:43:15 [INFO] Wario vs. Mario
10:43:15 [INFO] 2 outs
10:43:15 [DEBUG] Count: 0-0
10:43:19 [INFO] Mario's hit was caught!
10:43:19 [INFO] Blue Pianta put Mario out!
10:43:21 [INFO] Plate appearance #2 for Mario.
10:43:21 [INFO] At-bat #2 for Mario.
10:43:21 [INFO] Mario Fireballs - 4
10:43:21 [INFO] Wario Muscles - 1
10:43:21 [INFO] Changing sides!
10:43:24 [INFO] Next: Bottom of inning 2
10:43:24 [INFO] Upcoming batter: Blue Pianta
10:43:24 [INFO] On deck: Red Pianta
10:43:29 [INFO] Mario vs. Blue Pianta
10:43:29 [INFO] 0 outs
10:43:29 [DEBUG] Count: 0-0
10:43:32 [INFO] Strike 1.
10:43:34 [DEBUG] Count: 0-1
10:43:37 [INFO] Fair ball!
10:43:39 [INFO] Fair ball fielded!
10:43:42 [INFO] Plate appearance #1 for Blue Pianta.
10:43:42 [INFO] At-bat #1 for Blue Pianta.
10:43:43 [DEBUG] Mario has allowed 2 hits!
10:43:43 [DEBUG] Blue Pianta recorded a single!
10:43:43 [INFO] Mario vs. Red Pianta
10:43:43 [INFO] 0 outs
10:43:43 [DEBUG] Count: 0-0
10:43:43 [DEBUG] Blue Pianta is on first.
10:45:13 [INFO] Fair ball!
10:45:15 [INFO] Blue Pianta recorded a run!
10:45:15 [DEBUG] Mario was charged with an earned run
10:45:15 [DEBUG] Score Updated: Mario Fireballs 4 - Wario Muscles 3
10:45:15 [INFO] Red Pianta recorded a run!
10:45:15 [DEBUG] Mario was charged with an earned run
10:45:15 [DEBUG] Score Updated: Mario Fireballs 4 - Wario Muscles 3
10:45:15 [INFO] Red Pianta hits a two-run homer off of Mario!
10:45:15 [INFO] Plate appearance #1 for Red Pianta.
10:45:15 [INFO] At-bat #1 for Red Pianta.
10:45:15 [INFO] Stat tracking paused for replay.
10:45:16 [INFO] Replay ended. Resuming stat tracking.
10:45:16 [DEBUG] Pitch already processed.
10:45:17 [DEBUG] Mario has allowed 3 hits!
10:45:17 [INFO] Red Pianta recorded 2 RBI!
10:45:17 [INFO] Mario vs. Tiny Kong
10:45:17 [INFO] 0 outs
10:45:17 [DEBUG] Count: 0-0
10:45:19 [INFO] Fair ball!
10:45:19 [INFO] Foul ball!
10:45:20 [WARNING] Ball possession status changed to HELD but no current ball holder found after refreshing. This may be a misread or a very fast change. Last ball holder: Yellow Shy Guy
10:45:21 [DEBUG] Count: 0-1
10:45:23 [INFO] Strike 2.
10:45:23 [DEBUG] Count: 0-2
10:45:26 [INFO] Fair ball!
10:45:26 [INFO] Fair ball fielded!
10:45:27 [INFO] Blue Dry Bones put Tiny Kong out!
10:45:27 [INFO] Hammer Bro. recorded an assist!
10:45:27 [INFO] Hammer Bro. threw the ball for the out!
10:45:29 [INFO] Plate appearance #1 for Tiny Kong.
10:45:29 [INFO] At-bat #1 for Tiny Kong.
10:45:30 [INFO] Mario vs. Baby DK
10:45:30 [INFO] 1 outs
10:45:30 [DEBUG] Count: 0-0
10:45:34 [INFO] Baby DK's hit was caught!
10:45:34 [INFO] Yoshi put Baby DK out!
10:45:36 [INFO] Plate appearance #1 for Baby DK.
10:45:36 [INFO] At-bat #1 for Baby DK.
10:45:38 [INFO] Mario vs. Shy Guy
10:45:38 [INFO] 2 outs
10:45:38 [DEBUG] Count: 0-0
10:45:42 [INFO] Fair ball!
10:45:42 [INFO] Foul ball!
10:45:43 [DEBUG] Count: 0-1
10:45:47 [INFO] Fair ball!
10:45:49 [INFO] Fair ball fielded!
10:45:51 [INFO] Plate appearance #1 for Shy Guy.
10:45:51 [INFO] At-bat #1 for Shy Guy.
10:45:53 [DEBUG] Mario has allowed 4 hits!
10:45:53 [DEBUG] Shy Guy recorded a single!
10:45:53 [INFO] Mario vs. Blue Kritter
10:45:53 [INFO] 2 outs
10:45:53 [DEBUG] Count: 0-0
10:45:53 [DEBUG] Shy Guy is on first.
10:46:00 [INFO] Fair ball!
10:46:02 [INFO] Shy Guy recorded a run!
10:46:02 [DEBUG] Mario was charged with an earned run
10:46:02 [DEBUG] Score Updated: Mario Fireballs 4 - Wario Muscles 5
10:46:02 [INFO] Blue Kritter recorded a run!
10:46:02 [DEBUG] Mario was charged with an earned run
10:46:02 [DEBUG] Score Updated: Mario Fireballs 4 - Wario Muscles 5
10:46:02 [INFO] Blue Kritter hits a two-run homer off of Mario!
10:46:02 [INFO] Plate appearance #2 for Blue Kritter.
10:46:02 [INFO] At-bat #2 for Blue Kritter.
10:46:02 [INFO] Stat tracking paused for replay.
10:46:03 [INFO] Replay ended. Resuming stat tracking.
10:46:03 [DEBUG] Pitch already processed.
10:46:04 [DEBUG] Mario has allowed 5 hits!
10:46:04 [INFO] Blue Kritter recorded 2 RBI!
10:46:04 [INFO] Mario vs. Toadette
10:46:04 [INFO] 2 outs
10:46:04 [DEBUG] Count: 0-0
10:46:06 [INFO] Strike 1.
10:46:06 [DEBUG] Count: 0-1
10:46:08 [INFO] Fair ball!
10:46:11 [INFO] Fair ball fielded!
10:46:14 [INFO] Plate appearance #2 for Toadette.
10:46:14 [INFO] At-bat #2 for Toadette.
10:46:16 [DEBUG] Mario has allowed 6 hits!
10:46:16 [DEBUG] Toadette recorded a single!
10:46:16 [INFO] Mario vs. Bowser
10:46:16 [INFO] 2 outs
10:46:16 [DEBUG] Count: 0-0
10:46:16 [DEBUG] Toadette is on first.
10:46:20 [INFO] Bowser's hit was caught!
10:46:20 [INFO] Blooper put Bowser out!
10:46:22 [INFO] Plate appearance #2 for Bowser.
10:46:22 [INFO] At-bat #2 for Bowser.
10:46:22 [INFO] Mario Fireballs - 4
10:46:22 [INFO] Wario Muscles - 5
10:46:22 [INFO] Changing sides!
10:46:25 [INFO] Next: Top of inning 3
10:46:25 [INFO] Upcoming batter: Hammer Bro.
10:46:25 [INFO] On deck: Blue Dry Bones
10:46:29 [INFO] Wario vs. Hammer Bro.
10:46:29 [INFO] 0 outs
10:46:29 [DEBUG] Count: 0-0
10:46:29 [INFO] Game paused...
10:46:31 [DEBUG] Count: 0-0
10:46:31 [INFO] Game paused...
10:46:37 [INFO] Blue Kritter was moved to 3B.
10:46:37 [INFO] Toadette was moved to LF.
10:46:37 [INFO] Bowser was moved to P.
10:46:37 [INFO] Wario was moved to C.
10:46:37 [INFO] Blue Pianta was moved to SS.
10:46:37 [INFO] Red Pianta was moved to 1B.
10:46:37 [INFO] Tiny Kong was moved to RF.
10:46:37 [INFO] Baby DK was moved to CF.
10:46:37 [INFO] Shy Guy was moved to 2B.
10:46:38 [INFO] Bowser vs. Hammer Bro.
10:46:38 [INFO] 0 outs
10:46:38 [DEBUG] Count: 0-0
10:46:42 [INFO] Strike 1.
10:46:44 [DEBUG] Count: 0-1
10:46:46 [INFO] Strike 2.
10:46:47 [DEBUG] Count: 0-2
10:46:48 [INFO] Fair ball!
10:46:49 [INFO] Fair ball fielded!
10:46:50 [INFO] Red Pianta put Hammer Bro. out!
10:46:50 [INFO] Shy Guy recorded an assist!
10:46:50 [INFO] Shy Guy threw the ball for the out!
10:46:52 [INFO] Plate appearance #2 for Hammer Bro..
10:46:52 [INFO] At-bat #2 for Hammer Bro..
10:46:54 [INFO] Bowser vs. Blue Dry Bones
10:46:54 [INFO] 1 outs
10:46:54 [DEBUG] Count: 0-0
10:46:59 [INFO] Foul ball!
10:47:00 [DEBUG] Count: 0-1
10:47:03 [INFO] Foul ball!
10:47:05 [DEBUG] Count: 0-2
10:47:07 [INFO] Blue Dry Bones's hit was caught!
10:47:07 [INFO] Blue Pianta put Blue Dry Bones out!
10:47:09 [INFO] Plate appearance #2 for Blue Dry Bones.
10:47:09 [INFO] At-bat #2 for Blue Dry Bones.
10:47:11 [INFO] Bowser vs. Dark Bones
10:47:11 [INFO] 2 outs
10:47:11 [DEBUG] Count: 0-0
10:47:15 [INFO] Dark Bones's hit was caught!
10:47:15 [INFO] Baby DK put Dark Bones out!
10:47:19 [INFO] Plate appearance #2 for Dark Bones.
10:47:19 [INFO] At-bat #2 for Dark Bones.
10:47:19 [INFO] Final Score:
10:47:19 [INFO] Mario Fireballs - 4
10:47:19 [INFO] Wario Muscles - 5
10:47:19 [INFO] Wario Muscles win!